Verificando puerto 3001...
Iniciando servidor Node.js...
Esperando a que servidor responda...
Servidor listo!
Buscando PDF en carpeta contratos/...
Usando contrato: CRUZ AGUDO MIGUEL ANGEL.pdf
Consultando preset activo...
Preset activo encontrado: _PREDEFINED_AGUILAR LOPEZ TANIA JACQUELINE.pdf
ConfiguraciÃ³n del preset cargada
Enviando PDF con regiones del preset...
Respuesta del servidor:
{"success":true,"message":"Se procesaron 1 de 2 contratos."}

Verificando archivo procesado...
âo. Archivo procesado encontrado en: tested_Censurado\CRUZ AGUDO MIGUEL ANGEL.pdf
TamaÃ±o: 3008771 bytes
Deteniendo servidor...
Prueba completada
